// Jest Snapshot v1, https://goo.gl/fbAQLP

exports[`App is ok renderer 1`] = `
<div
  className="app"
>
  1990
  <input
    onChange={[Function]}
    value={1990}
  />
  <div
    className="home"
  >
    1990
    <button
      onClick={[Function]}
    >
      Cambiar año
    </button>
    <div
      className="date-display"
    >
      12/19/2019
    </div>
    <div
      className="card-row"
    />
  </div>
</div>
`;

exports[`test to App App is ok renderer 1`] = `
<div
  className="app"
>
  1990
  <input
    onChange={[Function]}
    value={1990}
  />
  <div
    className="home"
  >
    1990
    <button
      onClick={[Function]}
    >
      Cambiar año
    </button>
    <div
      className="date-display"
    >
      12/19/2019
    </div>
    <div
      className="card-row"
    />
  </div>
</div>
`;

exports[`test to App Home is ok renderer 1`] = `
<div
  className="app"
>
  1990
  <input
    onChange={[Function]}
    value={1990}
  />
  <div
    className="home"
  >
    1990
    <button
      onClick={[Function]}
    >
      Cambiar año
    </button>
    <div
      className="date-display"
    >
      12/19/2019
    </div>
    <div
      className="card-row"
    />
  </div>
</div>
`;
